
 Start  Stop   Length Name                   Class
 00000H 029F1H 029F2H BUILDMAP_TEXT          CODE
 02A00H 0C283H 09884H HALOC                  CODE
 0C290H 11F6BH 05CDCH HALOD                  CODE
 11F6CH 1240CH 004A1H MAPCOORD_TEXT          CODE
 1240DH 12F22H 00B16H KWLAND_TEXT            CODE
 12F23H 13011H 000EFH KWBORD_TEXT            CODE
 13012H 135BEH 005ADH KWTRAN_TEXT            CODE
 135BFH 13792H 001D4H INQSET_TEXT            CODE
 13793H 13A1CH 0028AH KWPLOT_TEXT            CODE
 13A1DH 13B1DH 00101H KWOPLND_TEXT           CODE
 13B1EH 146E3H 00BC6H GCTPSP_TEXT            CODE
 146E4H 1715DH 02A7AH KWLABL_TEXT            CODE
 1715EH 173F5H 00298H KWNSTR_TEXT            CODE
 173F6H 17564H 0016FH GTRNZ1_TEXT            CODE
 17565H 17906H 003A2H MILLER_TEXT            CODE
 17907H 17D49H 00443H EQRECT_TEXT            CODE
 17D4AH 18071H 00328H KWLAB_TEXT             CODE
 18080H 180B2H 00033H CODE                   CODE
 180C0H 18136H 00077H CODE                   CODE
 18140H 1815EH 0001FH CODE                   CODE
 18160H 18524H 003C5H CODE                   CODE
 18525H 187F8H 002D4H DRWBOX_TEXT            CODE
 187F9H 189D0H 001D8H GETCHAR_TEXT           CODE
 189D1H 1A803H 01E33H GETFRM_TEXT            CODE
 1A804H 1B796H 00F93H GETMNU_TEXT            CODE
 1B797H 1B9ABH 00215H GETMSG_TEXT            CODE
 1B9ACH 1BEE0H 00535H GETSTR_TEXT            CODE
 1BEE1H 1C082H 001A2H GETYN_TEXT             CODE
 1C083H 1C118H 00096H LNG_TEXT               CODE
 1C119H 1C521H 00409H OKREPLY_TEXT           CODE
 1C522H 1C78EH 0026DH OPENMSG_TEXT           CODE
 1C78FH 1CA77H 002E9H PARSE1_TEXT            CODE
 1CA78H 1CFA8H 00531H WRTMSG_TEXT            CODE
 1CFA9H 1D106H 0015EH WRTSTR_TEXT            CODE
 1D107H 1D902H 007FCH DSPWIN_TEXT            CODE
 1D903H 1EAB1H 011AFH VALWIN_TEXT            CODE
 1EAB2H 20951H 01EA0H WRTFNC_TEXT            CODE
 20952H 20AEEH 0019DH GETDEASE_TEXT          CODE
 20AEFH 20B30H 00042H BEEP_TEXT              CODE
 20B31H 20E22H 002F2H CSRCNTRL_TEXT          CODE
 20E23H 211A5H 00383H DSPFRM_TEXT            CODE
 211A6H 21262H 000BDH GETELEM_TEXT           CODE
 21263H 21347H 000E5H GETMAP_TEXT            CODE
 21348H 21405H 000BEH GETSTN_TEXT            CODE
 21406H 21521H 0011CH INSCHR_TEXT            CODE
 21522H 21636H 00115H INSSWTCH_TEXT          CODE
 21637H 21996H 00360H OPENWIN_TEXT           CODE
 21997H 21A2EH 00098H SCRLUP_TEXT            CODE
 21A2FH 21AC0H 00092H CODE                   CODE
 21AC1H 21CA9H 001E9H BGNHALO_TEXT           CODE
 21CAAH 21F60H 002B7H BGNPLT_TEXT            CODE
 21F61H 22035H 000D5H BGNQCMAP_TEXT          CODE
 22036H 227D6H 007A1H DRWTXT_TEXT            CODE
 227D7H 2360FH 00E39H GRAFMSG_TEXT           CODE
 23610H 23EAFH 008A0H GRAFNOTE_TEXT          CODE
 23EB0H 24660H 007B1H PLTBKGND_TEXT          CODE
 24661H 25531H 00ED1H GRAFMNU_TEXT           CODE
 25532H 25F34H 00A03H GRAFWIN_TEXT           CODE
 25F35H 25FF9H 000C5H HALOINIT_TEXT          CODE
 25FFAH 261E1H 001E8H NW2W_TEXT              CODE
 261E2H 26A4EH 0086DH PIKITEM_TEXT           CODE
 26A4FH 26A9FH 00051H SETCFON_TEXT           CODE
 26AA0H 26B25H 00086H SETGPAL_TEXT           CODE
 26B26H 26BE5H 000C0H BUFSIZ_TEXT            CODE
 26BE6H 270E1H 004FCH RDLOC_TEXT             CODE
 270E2H 27917H 00836H GRAFHELP_TEXT          CODE
 27918H 27A16H 000FFH GETHAL_TEXT            CODE
 27A18H 2FB8BH 08174H _TEXT                  CODE
 2FB90H 3213FH 025B0H EMULATOR_TEXT          CODE
 32140H 3217AH 0003BH MALLOCA_TEXT           CODE
 3217CH 321A3H 00028H FREEA_TEXT             CODE
 321A4H 322B4H 00111H KWAREA_TEXT            CODE
 322B5H 3248EH 001DAH KSETUP_TEXT            CODE
 3248FH 32F93H 00B05H KWSCAL_TEXT            CODE
 32F94H 33159H 001C6H SCLSETUP_TEXT          CODE
 33160H 33188H 00029H CODE                   CODE
 33190H 331AFH 00020H CODE                   CODE
 331B0H 33381H 001D2H CODE                   CODE
 33390H 333BAH 0002BH CODE                   CODE
 333BCH 333BCH 00000H C_ETEXT                ENDCODE
 333C0H 333CBH 0000CH BUILDMAP5_DATA         FAR_DATA
 333D0H 333FFH 00030H MAPCOORD5_DATA         FAR_DATA
 33400H 33404H 00005H KWLAND5_DATA           FAR_DATA
 33410H 33481H 00072H KWLABL5_DATA           FAR_DATA
 33490H 334AEH 0001FH KWNSTR5_DATA           FAR_DATA
 334B0H 334DFH 00030H GETFRM5_DATA           FAR_DATA
 334E0H 3351EH 0003FH GETMNU5_DATA           FAR_DATA
 33520H 33548H 00029H GETMSG5_DATA           FAR_DATA
 33550H 33572H 00023H GETSTR5_DATA           FAR_DATA
 33580H 3358AH 0000BH OPENMSG5_DATA          FAR_DATA
 33590H 335B8H 00029H WRTMSG5_DATA           FAR_DATA
 335C0H 335C4H 00005H DSPWIN5_DATA           FAR_DATA
 335D0H 335D4H 00005H VALWIN5_DATA           FAR_DATA
 335E0H 3360DH 0002EH PLTBKGND5_DATA         FAR_DATA
 33610H 33630H 00021H GRAFMNU5_DATA          FAR_DATA
 33640H 3365EH 0001FH PIKITEM5_DATA          FAR_DATA
 33660H 3366AH 0000BH GRAFHELP5_DATA         FAR_DATA
 33670H 337DFH 00170H EMULATOR_DATA          FAR_DATA
 337E0H 34084H 008A5H ERRDIC5_DATA           FAR_DATA
 34090H 3429FH 00210H RECPAS$A               $RECPAS
 342A0H 342A7H 00008H KDSTCK$A               $KDSTCK
 342B0H 342B3H 00004H KWCM$A                 $KWCM
 342C0H 342CFH 00010H KWLIM$A                $KWLIM
 342D0H 342D3H 00004H IJMP$A                 $IJMP
 342E0H 342E3H 00004H MAP$A                  $MAP
 342F0H 34357H 00068H SAVINP$A               $SAVINP
 34360H 3437BH 0001CH MAINPS$A               $MAINPS
 34380H 34381H 00002H KWSVLM$A               $KWSVLM
 34390H 34399H 0000AH KWMID3$A               $KWMID3
 343A0H 343A3H 00004H KSAVBF$A               $KSAVBF
 343B0H 343B3H 00004H KWSWCP$A               $KWSWCP
 343C0H 343C9H 0000AH KSAVCW$A               $KSAVCW
 343D0H 343D7H 00008H KWSCL2$A               $KWSCL2
 343E0H 343F3H 00014H KWSCLE1$A              $KWSCLE1
 34400H 34413H 00014H PLOTRN$A               $PLOTRN
 34420H 34423H 00004H SPHRZ0$A               $SPHRZ0
 34430H 3444FH 00020H ELLPZ0$A               $ELLPZ0
 34450H 34457H 00008H OUTER$A                $OUTER
 34460H 3446DH 0000EH KWCHAR$A               $KWCHAR
 34470H 34473H 00004H KWSVLB$A               $KWSVLB
 34480H 344ABH 0002CH KWINER$A               $KWINER
 344B0H 344B3H 00004H KCTDST$A               $KCTDST
 344C0H 344C7H 00008H KWMNMX$A               $KWMNMX
 344D0H 344DBH 0000CH KWMID2$A               $KWMID2
 344E0H 344E3H 00004H SWTCH$A                $SWTCH
 344F0H 344FBH 0000CH MAPLAB$A               $MAPLAB
 34500H 345F1H 000F2H SCRTC2$A               $SCRTC2
 34600H 367BFH 021C0H SCRTCH$A               $SCRTCH
 367C0H 37C0FH 01450H WINDOW$A               $WINDOW
 37C10H 3A72FH 02B20H LOCFRM$A               $LOCFRM
 3A730H 3A81FH 000F0H HALOENV$A              $HALOENV
 3A820H 3A857H 00038H PLTSPEC$A              $PLTSPEC
 3A860H 3A8AFH 00050H DRTXSV$A               $DRTXSV
 3A8B0H 3B91AH 0106BH GRAFVAR$A              $GRAFVAR
 3B920H 3BAE2H 001C3H GMSGSV$A               $GMSGSV
 3BAF0H 3BC7DH 0018EH GNOTSV$A               $GNOTSV
 3BC80H 3BE01H 00182H CURRPLT$A              $CURRPLT
 3BE10H 3C140H 00331H ARGSAV$A               $ARGSAV
 3C150H 3C22EH 000DFH MNUSAV$A               $MNUSAV
 3C230H 480CFH 0BEA0H SAVBUF$A               $SAVBUF
 480D0H 48104H 00035H PIKSAV$A               $PIKSAV
 48110H 48113H 00004H PASS2$A                $PASS2
 48120H 48161H 00042H NULL                   BEGDATA
 48162H 4A943H 027E2H _DATA                  DATA
 4A950H 4ACDFH 00390H DATA                   DATA
 4ACE0H 4ACEDH 0000EH CDATA                  DATA
 4ACEEH 4ACEFH 00002H XIQC                   DATA
 4ACF0H 4ACFDH 0000EH DBDATA                 DATA
 4ACFEH 4ACFEH 00000H XIB                    DATA
 4ACFEH 4AD0DH 00010H XI                     DATA
 4AD0EH 4AD0EH 00000H XIE                    DATA
 4AD0EH 4AD0EH 00000H XCB                    DATA
 4AD0EH 4AD0EH 00000H XC                     DATA
 4AD0EH 4AD0EH 00000H XCE                    DATA
 4AD0EH 4AD0EH 00000H XIFB                   DATA
 4AD0EH 4AD0EH 00000H XIF                    DATA
 4AD0EH 4AD0EH 00000H XIFE                   DATA
 4AD0EH 4AD0EH 00000H XPB                    DATA
 4AD0EH 4AD0EH 00000H XP                     DATA
 4AD0EH 4AD0EH 00000H XPE                    DATA
 4AD0EH 4AD0EH 00000H XCFB                   DATA
 4AD0EH 4AD0EH 00000H XCF                    DATA
 4AD0EH 4AD0EH 00000H XCFE                   DATA
 4AD0EH 4AF67H 0025AH CONST                  CONST
 4AF68H 4AFA1H 0003AH _CALLTAB               CALLTAB
 4AFA2H 4AFA9H 00008H HDR                    MSG
 4AFAAH 4B1B4H 0020BH MSG                    MSG
 4B1B5H 4B1B6H 00002H PAD                    MSG
 4B1B7H 4B1B7H 00001H EPAD                   MSG
 4B1B8H 5226DH 070B6H _BSS                   BSS
 5226EH 5226EH 00000H XOB                    BSS
 5226EH 522EDH 00080H XO                     BSS
 522EEH 522EEH 00000H XOE                    BSS
 522F0H 52AEFH 00800H STACK                  STACK

 Origin   Group
 4812:0   DGROUP
 02A0:0   PGROUP

Program entry point at 27A1:3128
