
 Start  Stop   Length Name                   Class
 00000H 03CDAH 03CDBH GRAFINIT_TEXT          CODE
 03CE0H 0CFC3H 092E4H HALOC                  CODE
 0CFD0H 12C83H 05CB4H HALOD                  CODE
 12C84H 12E5FH 001DCH BLDTIMES_TEXT          CODE
 12E60H 12F0AH 000ABH CHKSTN_TEXT            CODE
 12F0BH 130DEH 001D4H RDHRLBL_TEXT           CODE
 130E0H 13156H 00077H CODE                   CODE
 13160H 13524H 003C5H CODE                   CODE
 13525H 13663H 0013FH CDAYMON_TEXT           CODE
 13664H 15496H 01E33H GETFRM_TEXT            CODE
 15497H 16429H 00F93H GETMNU_TEXT            CODE
 1642AH 16623H 001FAH GETMON_TEXT            CODE
 16624H 16838H 00215H GETMSG_TEXT            CODE
 16839H 169AFH 00177H GTNXTTIM_TEXT          CODE
 169B0H 16A45H 00096H LNG_TEXT               CODE
 16A46H 16B90H 0014BH OPENEXT_TEXT           CODE
 16B91H 16D0EH 0017EH OPENLD_TEXT            CODE
 16D0FH 16F7BH 0026DH OPENMSG_TEXT           CODE
 16F7CH 1751AH 0059FH OPENPOS_TEXT           CODE
 1751BH 1767FH 00165H OPENQC_TEXT            CODE
 17680H 17968H 002E9H PARSE1_TEXT            CODE
 17969H 18699H 00D31H RDEXTR_TEXT            CODE
 1869AH 18C53H 005BAH SPELDATE_TEXT          CODE
 18C54H 19184H 00531H WRTMSG_TEXT            CODE
 19185H 192E2H 0015EH WRTSTR_TEXT            CODE
 192E3H 1A092H 00DB0H RDDATA_TEXT            CODE
 1A093H 1A0D4H 00042H BEEP_TEXT              CODE
 1A0D5H 1A3A8H 002D4H DRWBOX_TEXT            CODE
 1A3A9H 1A72BH 00383H DSPFRM_TEXT            CODE
 1A72CH 1A915H 001EAH FNDEXT_TEXT            CODE
 1A916H 1AAEDH 001D8H GETCHAR_TEXT           CODE
 1AAEEH 1ABAAH 000BDH GETELEM_TEXT           CODE
 1ABABH 1AC8FH 000E5H GETMAP_TEXT            CODE
 1AC90H 1AD4DH 000BEH GETSTN_TEXT            CODE
 1AD4EH 1B282H 00535H GETSTR_TEXT            CODE
 1B283H 1B31AH 00098H SCRLUP_TEXT            CODE
 1B31BH 1BB16H 007FCH DSPWIN_TEXT            CODE
 1BB17H 1BFA6H 00490H FNDFIL_TEXT            CODE
 1BFA7H 1DE46H 01EA0H WRTFNC_TEXT            CODE
 1DE47H 1E138H 002F2H CSRCNTRL_TEXT          CODE
 1E139H 1E254H 0011CH INSCHR_TEXT            CODE
 1E255H 1E369H 00115H INSSWTCH_TEXT          CODE
 1E36AH 1E6C9H 00360H OPENWIN_TEXT           CODE
 1E6CAH 1E75BH 00092H CODE                   CODE
 1E75CH 1F90AH 011AFH VALWIN_TEXT            CODE
 1F90BH 1FAA7H 0019DH GETDEASE_TEXT          CODE
 1FAA8H 1FC49H 001A2H GETYN_TEXT             CODE
 1FC4AH 1FCC0H 00077H ESCQUIT_TEXT           CODE
 1FCC1H 21545H 01885H GRAFDFLT_TEXT          CODE
 21546H 2180FH 002CAH GTNWRDIR_TEXT          CODE
 21810H 21CE8H 004D9H PICKGRAF_TEXT          CODE
 21CE9H 220D7H 003EFH RDDCON_TEXT            CODE
 220D8H 227CCH 006F5H SELAREA_TEXT           CODE
 227CDH 23840H 01074H SETELEM_TEXT           CODE
 23841H 239A2H 00162H SETTITLE_TEXT          CODE
 239A3H 2483DH 00E9BH WNDSMRY_TEXT           CODE
 2483EH 24DCFH 00592H WRTFRAME_TEXT          CODE
 24DD0H 270CCH 022FDH WRTGRAF_TEXT           CODE
 270CDH 271D4H 00108H CKRECNBR_TEXT          CODE
 271D5H 27388H 001B4H DELGRAF_TEXT           CODE
 27389H 2754DH 001C5H DELSCRN_TEXT           CODE
 2754EH 27695H 00148H GETGRAF_TEXT           CODE
 27696H 2788FH 001FAH GETGSCRN_TEXT          CODE
 27890H 286C8H 00E39H GRAFMSG_TEXT           CODE
 286C9H 28F68H 008A0H GRAFNOTE_TEXT          CODE
 28F69H 28FBEH 00056H GTRECL_TEXT            CODE
 28FBFH 2937AH 003BCH GTSTNLST_TEXT          CODE
 2937BH 2969AH 00320H GTRECNBR_TEXT          CODE
 2969BH 29E3BH 007A1H DRWTXT_TEXT            CODE
 29E3CH 2A83EH 00A03H GRAFWIN_TEXT           CODE
 2A83FH 2AC75H 00437H OPSTNLST_TEXT          CODE
 2AC76H 2B895H 00C20H RDGRAF_TEXT            CODE
 2B896H 2BA7EH 001E9H BGNHALO_TEXT           CODE
 2BA7FH 2BD35H 002B7H BGNPLT_TEXT            CODE
 2BD36H 2BDF5H 000C0H BUFSIZ_TEXT            CODE
 2BDF6H 2C179H 00384H DLSTNLST_TEXT          CODE
 2C17AH 2C361H 001E8H NW2W_TEXT              CODE
 2C362H 2C3B2H 00051H SETCFON_TEXT           CODE
 2C3B3H 2CD16H 00964H WRSTNLST_TEXT          CODE
 2CD17H 2CEA2H 0018CH GTOLDLST_TEXT          CODE
 2CEA3H 2DDE7H 00F45H DFSTNLST_TEXT          CODE
 2DDE8H 2E876H 00A8FH VWSTNLST_TEXT          CODE
 2E877H 2E93BH 000C5H HALOINIT_TEXT          CODE
 2E93CH 2E9C1H 00086H SETGPAL_TEXT           CODE
 2E9C2H 2EAC0H 000FFH GETHAL_TEXT            CODE
 2EAC2H 36901H 07E40H _TEXT                  CODE
 36910H 38EBFH 025B0H EMULATOR_TEXT          CODE
 38EC0H 38EFAH 0003BH MALLOCA_TEXT           CODE
 38EFCH 38F23H 00028H FREEA_TEXT             CODE
 38F24H 39A0EH 00AEBH GETSET_TEXT            CODE
 39A0FH 39EAFH 004A1H MAPCOORD_TEXT          CODE
 39EB0H 3A124H 00275H OPENFILE_TEXT          CODE
 3A130H 3A162H 00033H CODE                   CODE
 3A170H 3A198H 00029H CODE                   CODE
 3A1A0H 3A1BFH 00020H CODE                   CODE
 3A1C0H 3A1DEH 0001FH CODE                   CODE
 3A1E0H 3A3B1H 001D2H CODE                   CODE
 3A3C0H 3A3EAH 0002BH CODE                   CODE
 3A3EBH 3A4BAH 000D0H LAT2REAL_TEXT          CODE
 3A4BBH 3A903H 00449H RDGEOG_TEXT            CODE
 3A904H 3A904H 00000H C_ETEXT                ENDCODE
 3A910H 3A9D5H 000C6H GRAFINIT5_DATA         FAR_DATA
 3A9E0H 3AA02H 00023H BLDTIMES5_DATA         FAR_DATA
 3AA10H 3AA20H 00011H RDHRLBL5_DATA          FAR_DATA
 3AA30H 3AA36H 00007H CDAYMON5_DATA          FAR_DATA
 3AA40H 3AA6FH 00030H GETFRM5_DATA           FAR_DATA
 3AA70H 3AAAEH 0003FH GETMNU5_DATA           FAR_DATA
 3AAB0H 3AAD8H 00029H GETMSG5_DATA           FAR_DATA
 3AAE0H 3AAF1H 00012H GTNXTTIM5_DATA         FAR_DATA
 3AB00H 3AB0AH 0000BH OPENMSG5_DATA          FAR_DATA
 3AB10H 3AB14H 00005H OPENQC5_DATA           FAR_DATA
 3AB20H 3AB65H 00046H RDEXTR5_DATA           FAR_DATA
 3AB70H 3AB89H 0001AH SPELDATE5_DATA         FAR_DATA
 3AB90H 3ABB8H 00029H WRTMSG5_DATA           FAR_DATA
 3ABC0H 3AC84H 000C5H RDDATA5_DATA           FAR_DATA
 3AC90H 3ACABH 0001CH FNDEXT5_DATA           FAR_DATA
 3ACB0H 3ACD2H 00023H GETSTR5_DATA           FAR_DATA
 3ACE0H 3ACE4H 00005H DSPWIN5_DATA           FAR_DATA
 3ACF0H 3ACF4H 00005H VALWIN5_DATA           FAR_DATA
 3AD00H 3AD0AH 0000BH GTNWRDIR5_DATA         FAR_DATA
 3AD10H 3AD32H 00023H PICKGRAF5_DATA         FAR_DATA
 3AD40H 3AD64H 00025H RDDCON5_DATA           FAR_DATA
 3AD70H 3AD94H 00025H SETELEM5_DATA          FAR_DATA
 3ADA0H 3ADA6H 00007H SETTITLE5_DATA         FAR_DATA
 3ADB0H 3ADBCH 0000DH WNDSMRY5_DATA          FAR_DATA
 3ADC0H 3ADFCH 0003DH WRTFRAME5_DATA         FAR_DATA
 3AE00H 3AF0FH 00110H WRTGRAF5_DATA          FAR_DATA
 3AF10H 3AF1BH 0000CH WRSTNLST5_DATA         FAR_DATA
 3AF20H 3AF3CH 0001DH DFSTNLST5_DATA         FAR_DATA
 3AF40H 3AF5AH 0001BH VWSTNLST5_DATA         FAR_DATA
 3AF60H 3B0CFH 00170H EMULATOR_DATA          FAR_DATA
 3B0D0H 3B974H 008A5H ERRDIC5_DATA           FAR_DATA
 3B980H 3B996H 00017H GETSET5_DATA           FAR_DATA
 3B9A0H 3B9CFH 00030H MAPCOORD5_DATA         FAR_DATA
 3B9D0H 3B9DEH 0000FH OPENFILE5_DATA         FAR_DATA
 3B9E0H 3B9F5H 00016H LAT2REAL5_DATA         FAR_DATA
 3BA00H 3BA05H 00006H RDGEOG5_DATA           FAR_DATA
 3BA10H 3BA47H 00038H INDEX$A                $INDEX
 3BA50H 43E97H 08448H VAL1$A                 $VAL1
 43EA0H 4FD3FH 0BEA0H SAVBUF$A               $SAVBUF
 4FD40H 522BFH 02580H LTLNSTN$A              $LTLNSTN
 522C0H 5332AH 0106BH GRAFVAR$A              $GRAFVAR
 53330H 5765FH 04330H GRAFINSV$A             $GRAFINSV
 57660H 57751H 000F2H SCRTC2$A               $SCRTC2
 57760H 5991FH 021C0H SCRTCH$A               $SCRTCH
 59920H 5C43FH 02B20H LOCFRM$A               $LOCFRM
 5C440H 5D88FH 01450H WINDOW$A               $WINDOW
 5D890H 5DA11H 00182H CURRPLT$A              $CURRPLT
 5DA20H 61FB9H 0459AH DATAVAL$A              $DATAVAL
 61FC0H 6202DH 0006EH FRMPOS$A               $FRMPOS
 62030H 62067H 00038H PLTSPEC$A              $PLTSPEC
 62070H 62F8DH 00F1EH WNDSMY$A               $WNDSMY
 62F90H 6325DH 002CEH WFRMPOS$A              $WFRMPOS
 63260H 6342FH 001D0H WRTGSV$A               $WRTGSV
 63430H 635F2H 001C3H GMSGSV$A               $GMSGSV
 63600H 6378DH 0018EH GNOTSV$A               $GNOTSV
 63790H 637DFH 00050H DRTXSV$A               $DRTXSV
 637E0H 638CFH 000F0H HALOENV$A              $HALOENV
 638D0H 6394FH 00080H GENMOIST$A             $GENMOIST
 63950H 63991H 00042H NULL                   BEGDATA
 63992H 6871FH 04D8EH _DATA                  DATA
 68720H 68AAFH 00390H DATA                   DATA
 68AB0H 68ABDH 0000EH CDATA                  DATA
 68ABEH 68ABFH 00002H XIQC                   DATA
 68AC0H 68ACDH 0000EH DBDATA                 DATA
 68ACEH 68ACEH 00000H XIB                    DATA
 68ACEH 68ADDH 00010H XI                     DATA
 68ADEH 68ADEH 00000H XIE                    DATA
 68ADEH 68ADEH 00000H XCB                    DATA
 68ADEH 68ADEH 00000H XC                     DATA
 68ADEH 68ADEH 00000H XCE                    DATA
 68ADEH 68ADEH 00000H XIFB                   DATA
 68ADEH 68ADEH 00000H XIF                    DATA
 68ADEH 68ADEH 00000H XIFE                   DATA
 68ADEH 68ADEH 00000H XPB                    DATA
 68ADEH 68ADEH 00000H XP                     DATA
 68ADEH 68ADEH 00000H XPE                    DATA
 68ADEH 68ADEH 00000H XCFB                   DATA
 68ADEH 68ADEH 00000H XCF                    DATA
 68ADEH 68ADEH 00000H XCFE                   DATA
 68ADEH 68C5BH 0017EH CONST                  CONST
 68C5CH 68C95H 0003AH _CALLTAB               CALLTAB
 68C96H 68C9DH 00008H HDR                    MSG
 68C9EH 68EA8H 0020BH MSG                    MSG
 68EA9H 68EAAH 00002H PAD                    MSG
 68EABH 68EABH 00001H EPAD                   MSG
 68EACH 70E6DH 07FC2H _BSS                   BSS
 70E6EH 70E6EH 00000H XOB                    BSS
 70E6EH 70EEDH 00080H XO                     BSS
 70EEEH 70EEEH 00000H XOE                    BSS
 70EF0H 716EFH 00800H STACK                  STACK

 Origin   Group
 6395:0   DGROUP
 03CE:0   PGROUP

Program entry point at 2EAC:2E04
