
 Start  Stop   Length Name                   Class
 Resident
 00000H 00D45H 00D46H GRAFMAN_TEXT           CODE
 00D46H 00F74H 0022FH PCTRL134_TEXT          CODE
 00F80H 0AA22H 09AA3H HALOC                  CODE
 0AA30H 12F4EH 0851FH HALOD                  CODE
 12F50H 12F82H 00033H CODE                   CODE
 12F90H 13006H 00077H CODE                   CODE
 13010H 1302EH 0001FH CODE                   CODE
 13030H 13052H 00023H CODE                   CODE
 13060H 13424H 003C5H CODE                   CODE
 13425H 13466H 00042H BEEP_TEXT              CODE
 13467H 1363EH 001D8H GETCHAR_TEXT           CODE
 1363FH 136FBH 000BDH GETELEM_TEXT           CODE
 136FCH 137E0H 000E5H GETMAP_TEXT            CODE
 137E1H 139F5H 00215H GETMSG_TEXT            CODE
 139F6H 13AB3H 000BEH GETSTN_TEXT            CODE
 13AB4H 13FE8H 00535H GETSTR_TEXT            CODE
 13FE9H 1418AH 001A2H GETYN_TEXT             CODE
 1418BH 14220H 00096H LNG_TEXT               CODE
 14221H 14629H 00409H OKREPLY_TEXT           CODE
 1462AH 14896H 0026DH OPENMSG_TEXT           CODE
 14897H 14BF6H 00360H OPENWIN_TEXT           CODE
 14BF7H 14EDFH 002E9H PARSE1_TEXT            CODE
 14EE0H 14F77H 00098H SCRLUP_TEXT            CODE
 14F78H 154A8H 00531H WRTMSG_TEXT            CODE
 154A9H 15606H 0015EH WRTSTR_TEXT            CODE
 15607H 157A3H 0019DH GETDEASE_TEXT          CODE
 157A4H 15A95H 002F2H CSRCNTRL_TEXT          CODE
 15A96H 15D69H 002D4H DRWBOX_TEXT            CODE
 15D6AH 15E85H 0011CH INSCHR_TEXT            CODE
 15E86H 15F9AH 00115H INSSWTCH_TEXT          CODE
 15F9BH 1602CH 00092H CODE                   CODE
 1602DH 16215H 001E9H BGNHALO_TEXT           CODE
 16216H 164CCH 002B7H BGNPLT_TEXT            CODE
 164CDH 1658CH 000C0H BUFSIZ_TEXT            CODE
 1658DH 16903H 00377H COMTPOS_TEXT           CODE
 16904H 17323H 00A20H DRWLGND_TEXT           CODE
 17324H 17AC4H 007A1H DRWTXT_TEXT            CODE
 17AC5H 17B3BH 00077H ESCQUIT_TEXT           CODE
 17B3CH 1974EH 01C13H GETDSET_TEXT           CODE
 1974FH 1A587H 00E39H GRAFMSG_TEXT           CODE
 1A588H 1AE27H 008A0H GRAFNOTE_TEXT          CODE
 1AE28H 1B82AH 00A03H GRAFWIN_TEXT           CODE
 1B82BH 1B8A8H 0007EH INITPV_TEXT            CODE
 1B8A9H 1C1F0H 00948H LGNDSIZE_TEXT          CODE
 1C1F1H 1C3D8H 001E8H NW2W_TEXT              CODE
 1C3D9H 1CD2CH 00954H PICKCOL_TEXT           CODE
 1CD2DH 1D4DDH 007B1H PLTBKGND_TEXT          CODE
 1D4DEH 1DAF5H 00618H PLTTITL_TEXT           CODE
 1DAF6H 1DEE4H 003EFH RDDCON_TEXT            CODE
 1DEE5H 1E4F3H 0060FH RDFRAME_TEXT           CODE
 1E4F4H 1F113H 00C20H RDGRAF_TEXT            CODE
 1F114H 1F60FH 004FCH RDLOC_TEXT             CODE
 1F610H 1F779H 0016AH RGB2INT_TEXT           CODE
 1F77AH 1F7CAH 00051H SETCFON_TEXT           CODE
 1F7CBH 1F8AEH 000E4H SKTDIM2_TEXT           CODE
 1F8AFH 21BABH 022FDH WRTGRAF_TEXT           CODE
 21BACH 22A7CH 00ED1H GRAFMNU_TEXT           CODE
 22A7DH 22B7BH 000FFH GETHAL_TEXT            CODE
 22B7CH 22BD1H 00056H GTRECL_TEXT            CODE
 22BD2H 22C96H 000C5H HALOINIT_TEXT          CODE
 22C97H 23503H 0086DH PIKITEM_TEXT           CODE
 23504H 23589H 00086H SETGPAL_TEXT           CODE
 2358AH 238D6H 0034DH SQUEZDAT_TEXT          CODE
 238D7H 2410CH 00836H GRAFHELP_TEXT          CODE
 2410DH 24143H 00037H IROUND4_TEXT           CODE
 24144H 2CEB1H 08D6EH _TEXT                  CODE
 2CEC0H 2F46FH 025B0H EMULATOR_TEXT          CODE
 2F470H 2F4AAH 0003BH MALLOCA_TEXT           CODE
 2F4ACH 2F4D3H 00028H FREEA_TEXT             CODE
 2F4E0H 2F508H 00029H CODE                   CODE
 2F510H 2F52FH 00020H CODE                   CODE
 2F530H 2F701H 001D2H CODE                   CODE
 2F710H 2F73AH 0002BH CODE                   CODE
 2F73BH 2F934H 001FAH GETMON_TEXT            CODE
 2F940H 2F940H 00000H OVERLAY_AREA           CODE
 38580H 38580H 00000H OVERLAY_END            CODE
 38580H 38580H 00000H C_ETEXT                ENDCODE
 38580H 38701H 00182H CURRPLT$A              $CURRPLT
 38710H 3CCA9H 0459AH DATAVAL$A              $DATAVAL
 3CCB0H 3DD1AH 0106BH GRAFVAR$A              $GRAFVAR
 3DD20H 3DD8DH 0006EH FRMPOS$A               $FRMPOS
 3DD90H 3DDC7H 00038H PLTSPEC$A              $PLTSPEC
 3DDD0H 3DED0H 00101H TIMESV$A               $TIMESV
 3DEE0H 3DF06H 00027H DRWAX5_DATA            FAR_DATA
 3DF10H 3DF44H 00035H WINDROSE5_DATA         FAR_DATA
 3DF50H 3DF60H 00011H SKEWT5_DATA            FAR_DATA
 3DF70H 3DF74H 00005H PLTSND5_DATA           FAR_DATA
 3DF80H 3DF8EH 0000FH CHNGLBL5_DATA          FAR_DATA
 3DF90H 3DF9EH 0000FH CHNGRING5_DATA         FAR_DATA
 3DFA0H 3DFC8H 00029H CHNGTXAX5_DATA         FAR_DATA
 3DFD0H 3DFDAH 0000BH GRFPRNT5_DATA          FAR_DATA
 3DFE0H 3E090H 000B1H PRNTOP5_DATA           FAR_DATA
 3E0A0H 3E0B4H 00015H WRTGSCRN5_DATA         FAR_DATA
 3E0C0H 3E0EFH 00030H GETFRM5_DATA           FAR_DATA
 3E0F0H 3E0F4H 00005H VALWIN5_DATA           FAR_DATA
 3E100H 3E104H 00005H DSPWIN5_DATA           FAR_DATA
 3E110H 3E138H 00029H GETMSG5_DATA           FAR_DATA
 3E140H 3E162H 00023H GETSTR5_DATA           FAR_DATA
 3E170H 3E17AH 0000BH OPENMSG5_DATA          FAR_DATA
 3E180H 3E1A8H 00029H WRTMSG5_DATA           FAR_DATA
 3E1B0H 3E1C7H 00018H PICKCOL5_DATA          FAR_DATA
 3E1D0H 3E1FDH 0002EH PLTBKGND5_DATA         FAR_DATA
 3E200H 3E224H 00025H RDDCON5_DATA           FAR_DATA
 3E230H 3E285H 00056H RDFRAME5_DATA          FAR_DATA
 3E290H 3E39FH 00110H WRTGRAF5_DATA          FAR_DATA
 3E3A0H 3E3C0H 00021H GRAFMNU5_DATA          FAR_DATA
 3E3D0H 3E3EEH 0001FH PIKITEM5_DATA          FAR_DATA
 3E3F0H 3E3FAH 0000BH GRAFHELP5_DATA         FAR_DATA
 3E400H 3E56FH 00170H EMULATOR_DATA          FAR_DATA
 3E570H 3EE14H 008A5H ERRDIC5_DATA           FAR_DATA
 3EE20H 3F127H 00308H WINVAR$A               $WINVAR
 3F130H 3F442H 00313H SKWVAR$A               $SKWVAR
 3F450H 4B2EFH 0BEA0H SAVBUF$A               $SAVBUF
 4B2F0H 4B41CH 0012DH CHLGSV$A               $CHLGSV
 4B420H 4B4ADH 0008EH CHAXSV$A               $CHAXSV
 4B4B0H 4B4F5H 00046H FLSHSV$A               $FLSHSV
 4B500H 4B543H 00044H TXCLSV$A               $TXCLSV
 4B550H 4B5A5H 00056H TXFNSV$A               $TXFNSV
 4B5B0H 4B60FH 00060H TXLOSV$A               $TXLOSV
 4B610H 4B712H 00103H TXSZSV$A               $TXSZSV
 4B720H 4B80FH 000F0H HALOENV$A              $HALOENV
 4B810H 4BBCDH 003BEH PROPSV$A               $PROPSV
 4BBD0H 4BC1CH 0004DH SIDXSV$A               $SIDXSV
 4BC20H 4BDEFH 001D0H WRTGSV$A               $WRTGSV
 4BDF0H 4BEE1H 000F2H SCRTC2$A               $SCRTC2
 4BEF0H 4E0AFH 021C0H SCRTCH$A               $SCRTCH
 4E0B0H 4F4FFH 01450H WINDOW$A               $WINDOW
 4F500H 5201FH 02B20H LOCFRM$A               $LOCFRM
 52020H 5206FH 00050H DRTXSV$A               $DRTXSV
 52070H 52232H 001C3H GMSGSV$A               $GMSGSV
 52240H 523CDH 0018EH GNOTSV$A               $GNOTSV
 523D0H 52700H 00331H ARGSAV$A               $ARGSAV
 52710H 527EEH 000DFH MNUSAV$A               $MNUSAV
 527F0H 52824H 00035H PIKSAV$A               $PIKSAV
 52830H 52871H 00042H NULL                   BEGDATA
 52872H 567CBH 03F5AH _DATA                  DATA
 567D0H 56B5FH 00390H DATA                   DATA
 56B60H 56B6DH 0000EH CDATA                  DATA
 56B6EH 56B6FH 00002H XIQC                   DATA
 56B70H 56B7DH 0000EH DBDATA                 DATA
 56B7EH 56B7EH 00000H XIB                    DATA
 56B7EH 56B8DH 00010H XI                     DATA
 56B8EH 56B8EH 00000H XIE                    DATA
 56B8EH 56B8EH 00000H XCB                    DATA
 56B8EH 56B8EH 00000H XC                     DATA
 56B8EH 56B8EH 00000H XCE                    DATA
 56B8EH 56B8EH 00000H XIFB                   DATA
 56B8EH 56B8EH 00000H XIF                    DATA
 56B8EH 56B8EH 00000H XIFE                   DATA
 56B8EH 56B8EH 00000H XPB                    DATA
 56B8EH 56B8EH 00000H XP                     DATA
 56B8EH 56B8EH 00000H XPE                    DATA
 56B8EH 56B8EH 00000H XCFB                   DATA
 56B8EH 56B8EH 00000H XCF                    DATA
 56B8EH 56B8EH 00000H XCFE                   DATA
 56B90H 56C25H 00096H OVERLAY_DATA           DATA
 56C26H 571E1H 005BCH CONST                  CONST
 571E2H 5721BH 0003AH _CALLTAB               CALLTAB
 5721CH 57223H 00008H HDR                    MSG
 57224H 5742EH 0020BH MSG                    MSG
 5742FH 57430H 00002H PAD                    MSG
 57431H 57431H 00001H EPAD                   MSG
 57432H 5E86FH 0743EH _BSS                   BSS
 5E870H 5E870H 00000H XOB                    BSS
 5E870H 5E8EFH 00080H XO                     BSS
 5E8F0H 5E8F0H 00000H XOE                    BSS
 5E8F0H 5F0EFH 00800H STACK                  STACK
 Overlay 1H
 2F940H 328EDH 02FAEH TIMESER_TEXT           CODE
 328EEH 32C74H 00387H DRWGRD_TEXT            CODE
 32C75H 33849H 00BD5H DRWAX_TEXT             CODE
 3384AH 338ABH 00062H PLTBOX_TEXT            CODE
 Overlay 2H
 2F940H 31520H 01BE1H WINDROSE_TEXT          CODE
 Overlay 3H
 2F940H 31065H 01726H SKEWT_TEXT             CODE
 31066H 315BAH 00555H SKEWFUNC_TEXT          CODE
 315BBH 31BFFH 00645H PLTWIND_TEXT           CODE
 31C00H 323A2H 007A3H PLTSND_TEXT            CODE
 323A3H 3270EH 0036CH SETZOOM_TEXT           CODE
 Overlay 4H
 2F940H 2FA50H 00111H CLRMAN_TEXT            CODE
 2FA51H 30425H 009D5H CUSTCOL_TEXT           CODE
 Overlay 5H
 2F940H 306CFH 00D90H LBLMAN_TEXT            CODE
 306D0H 30D65H 00696H CHNGLBL_TEXT           CODE
 30D66H 31EC8H 01163H CHNGLGND_TEXT          CODE
 31EC9H 31FA0H 000D8H CHNGRING_TEXT          CODE
 31FA1H 32820H 00880H CHNGTXAX_TEXT          CODE
 32821H 32C41H 00421H FLUSH_TEXT             CODE
 32C42H 33226H 005E5H PICKFONT_TEXT          CODE
 33227H 33673H 0044DH TXTCOLR_TEXT           CODE
 33674H 33C79H 00606H TXTFONT_TEXT           CODE
 33C7AH 34549H 008D0H TXTLOC_TEXT            CODE
 3454AH 354ABH 00F62H TXTSIZ_TEXT            CODE
 Overlay 6H
 2F940H 2FAF8H 001B9H OUTMAN_TEXT            CODE
 2FAF9H 305A4H 00AACH GRFPRNT_TEXT           CODE
 305A5H 31E46H 018A2H PRNTOP_TEXT            CODE
 31E47H 323E9H 005A3H PRNTMAN_TEXT           CODE
 323EAH 32B79H 00790H WRTGSCRN_TEXT          CODE
 32B7AH 349ACH 01E33H GETFRM_TEXT            CODE
 349ADH 3684CH 01EA0H WRTFNC_TEXT            CODE
 3684DH 379FBH 011AFH VALWIN_TEXT            CODE
 379FCH 381F7H 007FCH DSPWIN_TEXT            CODE
 381F8H 3857AH 00383H DSPFRM_TEXT            CODE

 Origin   Group
 5283:0   DGROUP
 00F8:0   PGROUP
