
 Start  Stop   Length Name                   Class
 Resident
 00000H 00D45H 00D46H GRAFMAN_TEXT           CODE
 00D46H 00E2CH 000E7H PCTRL2_TEXT            CODE
 00E30H 0A8DDH 09AAEH HALOC                  CODE
 0A8E0H 12DFFH 08520H HALOD                  CODE
 12E00H 12E32H 00033H CODE                   CODE
 12E40H 12EB6H 00077H CODE                   CODE
 12EC0H 12EDEH 0001FH CODE                   CODE
 12EE0H 12F02H 00023H CODE                   CODE
 12F10H 132D4H 003C5H CODE                   CODE
 132D5H 13316H 00042H BEEP_TEXT              CODE
 13317H 134EEH 001D8H GETCHAR_TEXT           CODE
 134EFH 135ABH 000BDH GETELEM_TEXT           CODE
 135ACH 13690H 000E5H GETMAP_TEXT            CODE
 13691H 138A5H 00215H GETMSG_TEXT            CODE
 138A6H 13963H 000BEH GETSTN_TEXT            CODE
 13964H 13E98H 00535H GETSTR_TEXT            CODE
 13E99H 1403AH 001A2H GETYN_TEXT             CODE
 1403BH 140D0H 00096H LNG_TEXT               CODE
 140D1H 144D9H 00409H OKREPLY_TEXT           CODE
 144DAH 14746H 0026DH OPENMSG_TEXT           CODE
 14747H 14AA6H 00360H OPENWIN_TEXT           CODE
 14AA7H 14D8FH 002E9H PARSE1_TEXT            CODE
 14D90H 14E27H 00098H SCRLUP_TEXT            CODE
 14E28H 15358H 00531H WRTMSG_TEXT            CODE
 15359H 154B6H 0015EH WRTSTR_TEXT            CODE
 154B7H 15653H 0019DH GETDEASE_TEXT          CODE
 15654H 15945H 002F2H CSRCNTRL_TEXT          CODE
 15946H 15C19H 002D4H DRWBOX_TEXT            CODE
 15C1AH 15D35H 0011CH INSCHR_TEXT            CODE
 15D36H 15E4AH 00115H INSSWTCH_TEXT          CODE
 15E4BH 15EDCH 00092H CODE                   CODE
 15EDDH 160B0H 001D4H INQSET_TEXT            CODE
 160B1H 161B1H 00101H KWOPLND_TEXT           CODE
 161B2H 16208H 00057H KWOPSCR_TEXT           CODE
 16209H 18C82H 02A7AH KWLABL_TEXT            CODE
 18C83H 18E6BH 001E9H BGNHALO_TEXT           CODE
 18E6CH 19122H 002B7H BGNPLT_TEXT            CODE
 19123H 191E2H 000C0H BUFSIZ_TEXT            CODE
 191E3H 19559H 00377H COMTPOS_TEXT           CODE
 1955AH 19F79H 00A20H DRWLGND_TEXT           CODE
 19F7AH 1A71AH 007A1H DRWTXT_TEXT            CODE
 1A71BH 1A791H 00077H ESCQUIT_TEXT           CODE
 1A792H 1C3A4H 01C13H GETDSET_TEXT           CODE
 1C3A5H 1D1DDH 00E39H GRAFMSG_TEXT           CODE
 1D1DEH 1DA7DH 008A0H GRAFNOTE_TEXT          CODE
 1DA7EH 1E480H 00A03H GRAFWIN_TEXT           CODE
 1E481H 1E4FEH 0007EH INITPV_TEXT            CODE
 1E4FFH 1EE46H 00948H LGNDSIZE_TEXT          CODE
 1EE47H 1F02EH 001E8H NW2W_TEXT              CODE
 1F02FH 1F982H 00954H PICKCOL_TEXT           CODE
 1F983H 20133H 007B1H PLTBKGND_TEXT          CODE
 20134H 2074BH 00618H PLTTITL_TEXT           CODE
 2074CH 20B3AH 003EFH RDDCON_TEXT            CODE
 20B3BH 21149H 0060FH RDFRAME_TEXT           CODE
 2114AH 21D69H 00C20H RDGRAF_TEXT            CODE
 21D6AH 22265H 004FCH RDLOC_TEXT             CODE
 22266H 223CFH 0016AH RGB2INT_TEXT           CODE
 223D0H 22420H 00051H SETCFON_TEXT           CODE
 22421H 2471DH 022FDH WRTGRAF_TEXT           CODE
 2471EH 255EEH 00ED1H GRAFMNU_TEXT           CODE
 255EFH 256EDH 000FFH GETHAL_TEXT            CODE
 256EEH 25743H 00056H GTRECL_TEXT            CODE
 25744H 25808H 000C5H HALOINIT_TEXT          CODE
 25809H 26075H 0086DH PIKITEM_TEXT           CODE
 26076H 260FBH 00086H SETGPAL_TEXT           CODE
 260FCH 26448H 0034DH SQUEZDAT_TEXT          CODE
 26449H 26C7EH 00836H GRAFHELP_TEXT          CODE
 26C80H 2FF4BH 092CCH _TEXT                  CODE
 2FF50H 324FFH 025B0H EMULATOR_TEXT          CODE
 32500H 3253AH 0003BH MALLOCA_TEXT           CODE
 3253CH 32563H 00028H FREEA_TEXT             CODE
 32570H 32598H 00029H CODE                   CODE
 325A0H 325BFH 00020H CODE                   CODE
 325C0H 32791H 001D2H CODE                   CODE
 327A0H 327CAH 0002BH CODE                   CODE
 327CBH 329C4H 001FAH GETMON_TEXT            CODE
 329D0H 329D0H 00000H OVERLAY_AREA           CODE
 42120H 42120H 00000H OVERLAY_END            CODE
 42120H 42120H 00000H C_ETEXT                ENDCODE
 42120H 422A1H 00182H CURRPLT$A              $CURRPLT
 422B0H 46849H 0459AH DATAVAL$A              $DATAVAL
 46850H 478BAH 0106BH GRAFVAR$A              $GRAFVAR
 478C0H 4792DH 0006EH FRMPOS$A               $FRMPOS
 47930H 4793EH 0000FH CHNGLBL5_DATA          FAR_DATA
 47940H 4794EH 0000FH CHNGRING5_DATA         FAR_DATA
 47950H 47978H 00029H CHNGTXAX5_DATA         FAR_DATA
 47980H 4798AH 0000BH GRFPRNT5_DATA          FAR_DATA
 47990H 47A40H 000B1H PRNTOP5_DATA           FAR_DATA
 47A50H 47A64H 00015H WRTGSCRN5_DATA         FAR_DATA
 47A70H 47A9FH 00030H GETFRM5_DATA           FAR_DATA
 47AA0H 47AA4H 00005H VALWIN5_DATA           FAR_DATA
 47AB0H 47AB4H 00005H DSPWIN5_DATA           FAR_DATA
 47AC0H 47AC4H 00005H CONMAP5_DATA           FAR_DATA
 47AD0H 47AD4H 00005H KWLAND5_DATA           FAR_DATA
 47AE0H 47B07H 00028H CONTOUR5_DATA          FAR_DATA
 47B10H 47B2EH 0001FH KWNSTR5_DATA           FAR_DATA
 47B30H 47B35H 00006H CNTR25_DATA            FAR_DATA
 47B40H 47B68H 00029H GETMSG5_DATA           FAR_DATA
 47B70H 47B92H 00023H GETSTR5_DATA           FAR_DATA
 47BA0H 47BAAH 0000BH OPENMSG5_DATA          FAR_DATA
 47BB0H 47BD8H 00029H WRTMSG5_DATA           FAR_DATA
 47BE0H 47C51H 00072H KWLABL5_DATA           FAR_DATA
 47C60H 47C77H 00018H PICKCOL5_DATA          FAR_DATA
 47C80H 47CADH 0002EH PLTBKGND5_DATA         FAR_DATA
 47CB0H 47CD4H 00025H RDDCON5_DATA           FAR_DATA
 47CE0H 47D35H 00056H RDFRAME5_DATA          FAR_DATA
 47D40H 47E4FH 00110H WRTGRAF5_DATA          FAR_DATA
 47E50H 47E70H 00021H GRAFMNU5_DATA          FAR_DATA
 47E80H 47E9EH 0001FH PIKITEM5_DATA          FAR_DATA
 47EA0H 47EAAH 0000BH GRAFHELP5_DATA         FAR_DATA
 47EB0H 4801FH 00170H EMULATOR_DATA          FAR_DATA
 48020H 488C4H 008A5H ERRDIC5_DATA           FAR_DATA
 488D0H 5476FH 0BEA0H SAVBUF$A               $SAVBUF
 54770H 5489CH 0012DH CHLGSV$A               $CHLGSV
 548A0H 5492DH 0008EH CHAXSV$A               $CHAXSV
 54930H 54975H 00046H FLSHSV$A               $FLSHSV
 54980H 549C3H 00044H TXCLSV$A               $TXCLSV
 549D0H 54A25H 00056H TXFNSV$A               $TXFNSV
 54A30H 54A8FH 00060H TXLOSV$A               $TXLOSV
 54A90H 54B92H 00103H TXSZSV$A               $TXSZSV
 54BA0H 54C8FH 000F0H HALOENV$A              $HALOENV
 54C90H 5504DH 003BEH PROPSV$A               $PROPSV
 55050H 5509CH 0004DH SIDXSV$A               $SIDXSV
 550A0H 5526FH 001D0H WRTGSV$A               $WRTGSV
 55270H 55361H 000F2H SCRTC2$A               $SCRTC2
 55370H 5752FH 021C0H SCRTCH$A               $SCRTCH
 57530H 5897FH 01450H WINDOW$A               $WINDOW
 58980H 5B49FH 02B20H LOCFRM$A               $LOCFRM
 5B4A0H 5BE63H 009C4H KWCHP2$A               $KWCHP2
 5BE70H 5E57FH 02710H DUM2$A                 $DUM2
 5E580H 60C8FH 02710H DUM1$A                 $DUM1
 60C90H 60CC7H 00038H PLTSPEC$A              $PLTSPEC
 60CD0H 60CEFH 00020H SAVWOR$A               $SAVWOR
 60CF0H 62463H 01774H KWINER$A               $KWINER
 62470H 63411H 00FA2H KWMID3$A               $KWMID3
 63420H 6342BH 0000CH MAPLAB$A               $MAPLAB
 63430H 6343FH 00010H KWLIM$A                $KWLIM
 63440H 63453H 00014H PLOTRN$A               $PLOTRN
 63460H 63463H 00004H KCTDST$A               $KCTDST
 63470H 6347FH 00010H KWCHAR$A               $KWCHAR
 63480H 63487H 00008H KWMNMX$A               $KWMNMX
 63490H 6369FH 00210H RECPAS$A               $RECPAS
 636A0H 636A7H 00008H KDSTCK$A               $KDSTCK
 636B0H 636B3H 00004H KWCM$A                 $KWCM
 636C0H 636C7H 00008H MAINPAS$A              $MAINPAS
 636D0H 636E7H 00018H KWSTOR$A               $KWSTOR
 636F0H 636F3H 00004H KWOREC$A               $KWOREC
 63700H 637DBH 000DCH KWPTCN$A               $KWPTCN
 637E0H 645EFH 00E10H KWGRDA$A               $KWGRDA
 645F0H 645F3H 00004H KWGRDQ$A               $KWGRDQ
 64600H 64603H 00004H KWSVLB$A               $KWSVLB
 64610H 64EF7H 008E8H KWSVR1$A               $KWSVR1
 64F00H 64F0BH 0000CH KWGRNB$A               $KWGRNB
 64F10H 64FE3H 000D4H KWSTRN$A               $KWSTRN
 64FF0H 662B3H 012C4H KWCHOP$A               $KWCHOP
 662C0H 662CBH 0000CH KWMID2$A               $KWMID2
 662D0H 663CFH 00100H KWCHEI$A               $KWCHEI
 663D0H 66413H 00044H KWCMCN$A               $KWCMCN
 66420H 6673FH 00320H KWIGS$A                $KWIGS
 66740H 6681BH 000DCH KWIGCN$A               $KWIGCN
 66820H 66823H 00004H KWSWCP$A               $KWSWCP
 66830H 66833H 00004H MAP$A                  $MAP
 66840H 66853H 00014H KWSCLE1$A              $KWSCLE1
 66860H 66863H 00004H IJMP$A                 $IJMP
 66870H 668D7H 00068H SAVINP$A               $SAVINP
 668E0H 668FBH 0001CH MAINPS$A               $MAINPS
 66900H 66907H 00008H KWSCL2$A               $KWSCL2
 66910H 66917H 00008H OUTER$A                $OUTER
 66920H 66923H 00004H PASS2$A                $PASS2
 66930H 66933H 00004H SWTCH$A                $SWTCH
 66940H 66943H 00004H SPHRZ0$A               $SPHRZ0
 66950H 6696FH 00020H ELLPZ0$A               $ELLPZ0
 66970H 6697BH 0000CH KW2DS$A                $KW2DS
 66980H 66981H 00002H KWCTCK$A               $KWCTCK
 66990H 66C5FH 002D0H KWSVR2$A               $KWSVR2
 66C60H 66C61H 00002H KWSVLM$A               $KWSVLM
 66C70H 66C73H 00004H KSAVBF$A               $KSAVBF
 66C80H 66C89H 0000AH KSAVCW$A               $KSAVCW
 66C90H 66CDFH 00050H DRTXSV$A               $DRTXSV
 66CE0H 66EA2H 001C3H GMSGSV$A               $GMSGSV
 66EB0H 6703DH 0018EH GNOTSV$A               $GNOTSV
 67040H 67370H 00331H ARGSAV$A               $ARGSAV
 67380H 6745EH 000DFH MNUSAV$A               $MNUSAV
 67460H 67494H 00035H PIKSAV$A               $PIKSAV
 674A0H 674E1H 00042H NULL                   BEGDATA
 674E2H 6B8F7H 04416H _DATA                  DATA
 6B900H 6BC8FH 00390H DATA                   DATA
 6BC90H 6BC9DH 0000EH CDATA                  DATA
 6BC9EH 6BC9FH 00002H XIQC                   DATA
 6BCA0H 6BCADH 0000EH DBDATA                 DATA
 6BCAEH 6BCAEH 00000H XIB                    DATA
 6BCAEH 6BCBDH 00010H XI                     DATA
 6BCBEH 6BCBEH 00000H XIE                    DATA
 6BCBEH 6BCBEH 00000H XCB                    DATA
 6BCBEH 6BCBEH 00000H XC                     DATA
 6BCBEH 6BCBEH 00000H XCE                    DATA
 6BCBEH 6BCBEH 00000H XIFB                   DATA
 6BCBEH 6BCBEH 00000H XIF                    DATA
 6BCBEH 6BCBEH 00000H XIFE                   DATA
 6BCBEH 6BCBEH 00000H XPB                    DATA
 6BCBEH 6BCBEH 00000H XP                     DATA
 6BCBEH 6BCBEH 00000H XPE                    DATA
 6BCBEH 6BCBEH 00000H XCFB                   DATA
 6BCBEH 6BCBEH 00000H XCF                    DATA
 6BCBEH 6BCBEH 00000H XCFE                   DATA
 6BCC0H 6BD72H 000B3H OVERLAY_DATA           DATA
 6BD74H 6C3B9H 00646H CONST                  CONST
 6C3BAH 6C3F3H 0003AH _CALLTAB               CALLTAB
 6C3F4H 6C3FBH 00008H HDR                    MSG
 6C3FCH 6C606H 0020BH MSG                    MSG
 6C607H 6C608H 00002H PAD                    MSG
 6C609H 6C609H 00001H EPAD                   MSG
 6C60AH 75367H 08D5EH _BSS                   BSS
 75368H 75368H 00000H XOB                    BSS
 75368H 753E7H 00080H XO                     BSS
 753E8H 753E8H 00000H XOE                    BSS
 753F0H 75BEFH 00800H STACK                  STACK
 Overlay 1H
 329D0H 32AE0H 00111H CLRMAN_TEXT            CODE
 32AE1H 334B5H 009D5H CUSTCOL_TEXT           CODE
 Overlay 2H
 329D0H 3375FH 00D90H LBLMAN_TEXT            CODE
 33760H 33DF5H 00696H CHNGLBL_TEXT           CODE
 33DF6H 34F58H 01163H CHNGLGND_TEXT          CODE
 34F59H 35030H 000D8H CHNGRING_TEXT          CODE
 35031H 358B0H 00880H CHNGTXAX_TEXT          CODE
 358B1H 35CD1H 00421H FLUSH_TEXT             CODE
 35CD2H 362B6H 005E5H PICKFONT_TEXT          CODE
 362B7H 36703H 0044DH TXTCOLR_TEXT           CODE
 36704H 36D09H 00606H TXTFONT_TEXT           CODE
 36D0AH 375D9H 008D0H TXTLOC_TEXT            CODE
 375DAH 3853BH 00F62H TXTSIZ_TEXT            CODE
 Overlay 3H
 329D0H 32B88H 001B9H OUTMAN_TEXT            CODE
 32B89H 33634H 00AACH GRFPRNT_TEXT           CODE
 33635H 34ED6H 018A2H PRNTOP_TEXT            CODE
 34ED7H 35479H 005A3H PRNTMAN_TEXT           CODE
 3547AH 35C09H 00790H WRTGSCRN_TEXT          CODE
 35C0AH 37A3CH 01E33H GETFRM_TEXT            CODE
 37A3DH 398DCH 01EA0H WRTFNC_TEXT            CODE
 398DDH 3AA8BH 011AFH VALWIN_TEXT            CODE
 3AA8CH 3B287H 007FCH DSPWIN_TEXT            CODE
 3B288H 3B60AH 00383H DSPFRM_TEXT            CODE
 Overlay 4H
 329D0H 34FCFH 02600H CONMAP_TEXT            CODE
 34FD0H 350BEH 000EFH KWBORD_TEXT            CODE
 350BFH 35139H 0007BH KWINQL_TEXT            CODE
 3513AH 35386H 0024DH KWINTC_TEXT            CODE
 35387H 35E9CH 00B16H KWLAND_TEXT            CODE
 35E9DH 3D9CBH 07B2FH CONTOUR_TEXT           CODE
 3D9CCH 3EE4BH 01480H KWGRID_TEXT            CODE
 3EE4CH 3F025H 001DAH KSETUP_TEXT            CODE
 3F026H 3F136H 00111H KWAREA_TEXT            CODE
 3F137H 3F6E3H 005ADH KWTRAN_TEXT            CODE
 3F6E4H 3F97BH 00298H KWNSTR_TEXT            CODE
 3F97CH 3FCA3H 00328H KWLAB_TEXT             CODE
 3FCA4H 3FF2DH 0028AH KWPLOT_TEXT            CODE
 3FF2EH 40A32H 00B05H KWSCAL_TEXT            CODE
 40A33H 40BF8H 001C6H SCLSETUP_TEXT          CODE
 40BF9H 417BEH 00BC6H GCTPSP_TEXT            CODE
 417BFH 4192DH 0016FH GTRNZ1_TEXT            CODE
 4192EH 41CCFH 003A2H MILLER_TEXT            CODE
 41CD0H 42112H 00443H EQRECT_TEXT            CODE
 Overlay 5H
 329D0H 38BD0H 06201H CNTR2_TEXT             CODE
 38BD1H 38E17H 00247H KWWEVR_TEXT            CODE

 Origin   Group
 674A:0   DGROUP
 00E3:0   PGROUP
