
 Start  Stop   Length Name                   Class
 00000H 00659H 0065AH OPTMAN_TEXT            CODE
 00660H 09943H 092E4H HALOC                  CODE
 09950H 0F603H 05CB4H HALOD                  CODE
 0F610H 0F686H 00077H CODE                   CODE
 0F690H 0FA54H 003C5H CODE                   CODE
 0FA55H 0FC3DH 001E9H BGNHALO_TEXT           CODE
 0FC3EH 10008H 003CBH DATMAN_TEXT            CODE
 10009H 11C1BH 01C13H GETDSET_TEXT           CODE
 11C1CH 124BBH 008A0H GRAFNOTE_TEXT          CODE
 124BCH 126ECH 00231H GTCONLEV_TEXT          CODE
 126EDH 12D6BH 0067FH PLTMAN_TEXT            CODE
 12D6CH 1315AH 003EFH RDDCON_TEXT            CODE
 1315BH 13769H 0060FH RDFRAME_TEXT           CODE
 1376AH 14389H 00C20H RDGRAF_TEXT            CODE
 1438AH 16468H 020DFH VIEWMAN_TEXT           CODE
 16469H 18765H 022FDH WRTGRAF_TEXT           CODE
 18766H 19636H 00ED1H GRAFMNU_TEXT           CODE
 19637H 19B05H 004CFH ADDFRM_TEXT            CODE
 19B06H 19CBBH 001B6H AXMAN_TEXT             CODE
 19CBCH 1A45CH 007A1H DRWTXT_TEXT            CODE
 1A45DH 1B295H 00E39H GRAFMSG_TEXT           CODE
 1B296H 20EE8H 05C53H GRAFOPTN_TEXT          CODE
 20EE9H 218EBH 00A03H GRAFWIN_TEXT           CODE
 218ECH 21C7AH 0038FH GRDMAN_TEXT            CODE
 21C7BH 21CD0H 00056H GTRECL_TEXT            CODE
 21CD1H 21D95H 000C5H HALOINIT_TEXT          CODE
 21D96H 21F24H 0018FH MAPMAN_TEXT            CODE
 21F25H 2210CH 001E8H NW2W_TEXT              CODE
 2210DH 22A60H 00954H PICKCOL_TEXT           CODE
 22A61H 232CDH 0086DH PIKITEM_TEXT           CODE
 232CEH 23A0DH 00740H PLNMAN_TEXT            CODE
 23A0EH 23F09H 004FCH RDLOC_TEXT             CODE
 23F0AH 23F8FH 00086H SETGPAL_TEXT           CODE
 23F90H 242DCH 0034DH SQUEZDAT_TEXT          CODE
 242DDH 245D1H 002F5H WNRMAN_TEXT            CODE
 245D2H 24807H 00236H BEGDSET_TEXT           CODE
 24808H 24ABEH 002B7H BGNPLT_TEXT            CODE
 24ABFH 24B7EH 000C0H BUFSIZ_TEXT            CODE
 24B7FH 254C2H 00944H CONMAN_TEXT            CODE
 254C3H 259B2H 004F0H MPCLR_TEXT             CODE
 259B3H 25EE4H 00532H MPLIN_TEXT             CODE
 25EE5H 2626DH 00389H REWRFRM_TEXT           CODE
 2626EH 262BEH 00051H SETCFON_TEXT           CODE
 262BFH 26D4CH 00A8EH CHNGTIC_TEXT           CODE
 26D4DH 27582H 00836H GRAFHELP_TEXT          CODE
 27583H 28112H 00B90H LNATRIB_TEXT           CODE
 28113H 28211H 000FFH GETHAL_TEXT            CODE
 28212H 28777H 00566H WNDOBOX_TEXT           CODE
 28778H 304B7H 07D40H _TEXT                  CODE
 304C0H 32A6FH 025B0H EMULATOR_TEXT          CODE
 32A70H 32AAAH 0003BH MALLOCA_TEXT           CODE
 32AACH 32AD3H 00028H FREEA_TEXT             CODE
 32AE0H 32AFFH 00020H CODE                   CODE
 32B00H 32B1EH 0001FH CODE                   CODE
 32B20H 32B4AH 0002BH CODE                   CODE
 32B4BH 32B8CH 00042H BEEP_TEXT              CODE
 32B8DH 32D64H 001D8H GETCHAR_TEXT           CODE
 32D65H 34B97H 01E33H GETFRM_TEXT            CODE
 34B98H 34D91H 001FAH GETMON_TEXT            CODE
 34D92H 34FA6H 00215H GETMSG_TEXT            CODE
 34FA7H 354DBH 00535H GETSTR_TEXT            CODE
 354DCH 3567DH 001A2H GETYN_TEXT             CODE
 3567EH 35713H 00096H LNG_TEXT               CODE
 35714H 35B1CH 00409H OKREPLY_TEXT           CODE
 35B1DH 35E05H 002E9H PARSE1_TEXT            CODE
 35E06H 36336H 00531H WRTMSG_TEXT            CODE
 36337H 36494H 0015EH WRTSTR_TEXT            CODE
 36495H 36C90H 007FCH DSPWIN_TEXT            CODE
 36C91H 36E2DH 0019DH GETDEASE_TEXT          CODE
 36E2EH 3711FH 002F2H CSRCNTRL_TEXT          CODE
 37120H 374A2H 00383H DSPFRM_TEXT            CODE
 374A3H 3755FH 000BDH GETELEM_TEXT           CODE
 37560H 37644H 000E5H GETMAP_TEXT            CODE
 37645H 37702H 000BEH GETSTN_TEXT            CODE
 37703H 3781EH 0011CH INSCHR_TEXT            CODE
 3781FH 37933H 00115H INSSWTCH_TEXT          CODE
 37934H 37BA0H 0026DH OPENMSG_TEXT           CODE
 37BA1H 37F00H 00360H OPENWIN_TEXT           CODE
 37F01H 37F92H 00092H CODE                   CODE
 37F93H 39E32H 01EA0H WRTFNC_TEXT            CODE
 39E33H 3A106H 002D4H DRWBOX_TEXT            CODE
 3A107H 3A19EH 00098H SCRLUP_TEXT            CODE
 3A19FH 3B34DH 011AFH VALWIN_TEXT            CODE
 3B350H 3B382H 00033H CODE                   CODE
 3B390H 3B3B8H 00029H CODE                   CODE
 3B3C0H 3B591H 001D2H CODE                   CODE
 3B592H 3B592H 00000H C_ETEXT                ENDCODE
 3B5A0H 3B721H 00182H CURRPLT$A              $CURRPLT
 3B730H 3C21FH 00AF0H MODTMP$A               $MODTMP
 3C220H 3C28DH 0006EH FRMPOS$A               $FRMPOS
 3C290H 40829H 0459AH DATAVAL$A              $DATAVAL
 40830H 4189AH 0106BH GRAFVAR$A              $GRAFVAR
 418A0H 4198FH 000F0H HALOENV$A              $HALOENV
 41990H 41B1DH 0018EH GNOTSV$A               $GNOTSV
 41B20H 41B25H 00006H GTCONLEV5_DATA         FAR_DATA
 41B30H 41B3CH 0000DH PLTMAN5_DATA           FAR_DATA
 41B40H 41B64H 00025H RDDCON5_DATA           FAR_DATA
 41B70H 41BC5H 00056H RDFRAME5_DATA          FAR_DATA
 41BD0H 41CDFH 00110H WRTGRAF5_DATA          FAR_DATA
 41CE0H 41D00H 00021H GRAFMNU5_DATA          FAR_DATA
 41D10H 41DC2H 000B3H GRAFOPTN5_DATA         FAR_DATA
 41DD0H 41DE7H 00018H PICKCOL5_DATA          FAR_DATA
 41DF0H 41E0EH 0001FH PIKITEM5_DATA          FAR_DATA
 41E10H 41E1CH 0000DH PLNMAN5_DATA           FAR_DATA
 41E20H 41E42H 00023H WNRMAN5_DATA           FAR_DATA
 41E50H 41E83H 00034H CONMAN5_DATA           FAR_DATA
 41E90H 41E94H 00005H MPCLR5_DATA            FAR_DATA
 41EA0H 41EAAH 0000BH MPLIN5_DATA            FAR_DATA
 41EB0H 41EDFH 00030H REWRFRM5_DATA          FAR_DATA
 41EE0H 41EE4H 00005H CHNGTIC5_DATA          FAR_DATA
 41EF0H 41EFAH 0000BH GRAFHELP5_DATA         FAR_DATA
 41F00H 41F2AH 0002BH LNATRIB5_DATA          FAR_DATA
 41F30H 4209FH 00170H EMULATOR_DATA          FAR_DATA
 420A0H 42944H 008A5H ERRDIC5_DATA           FAR_DATA
 42950H 4297FH 00030H GETFRM5_DATA           FAR_DATA
 42980H 429A8H 00029H GETMSG5_DATA           FAR_DATA
 429B0H 429D2H 00023H GETSTR5_DATA           FAR_DATA
 429E0H 42A08H 00029H WRTMSG5_DATA           FAR_DATA
 42A10H 42A14H 00005H DSPWIN5_DATA           FAR_DATA
 42A20H 42A2AH 0000BH OPENMSG5_DATA          FAR_DATA
 42A30H 42A34H 00005H VALWIN5_DATA           FAR_DATA
 42A40H 42A77H 00038H PLTSPEC$A              $PLTSPEC
 42A80H 42AC9H 0004AH VIEWSV$A               $VIEWSV
 42AD0H 42C9FH 001D0H WRTGSV$A               $WRTGSV
 42CA0H 42FD0H 00331H ARGSAV$A               $ARGSAV
 42FE0H 430BEH 000DFH MNUSAV$A               $MNUSAV
 430C0H 4310FH 00050H DRTXSV$A               $DRTXSV
 43110H 432D2H 001C3H GMSGSV$A               $GMSGSV
 432E0H 4F17FH 0BEA0H SAVBUF$A               $SAVBUF
 4F180H 4F1B4H 00035H PIKSAV$A               $PIKSAV
 4F1C0H 4F2BEH 000FFH CNGTSV$A               $CNGTSV
 4F2C0H 4F5C7H 00308H LINSAV$A               $LINSAV
 4F5D0H 4F6C1H 000F2H SCRTC2$A               $SCRTC2
 4F6D0H 5188FH 021C0H SCRTCH$A               $SCRTCH
 51890H 52CDFH 01450H WINDOW$A               $WINDOW
 52CE0H 557FFH 02B20H LOCFRM$A               $LOCFRM
 55800H 55841H 00042H NULL                   BEGDATA
 55842H 5939BH 03B5AH _DATA                  DATA
 593A0H 59722H 00383H DATA                   DATA
 59724H 59731H 0000EH CDATA                  DATA
 59732H 59733H 00002H XIQC                   DATA
 59734H 59741H 0000EH DBDATA                 DATA
 59742H 59742H 00000H XIB                    DATA
 59742H 59751H 00010H XI                     DATA
 59752H 59752H 00000H XIE                    DATA
 59752H 59752H 00000H XCB                    DATA
 59752H 59752H 00000H XC                     DATA
 59752H 59752H 00000H XCE                    DATA
 59752H 59752H 00000H XIFB                   DATA
 59752H 59752H 00000H XIF                    DATA
 59752H 59752H 00000H XIFE                   DATA
 59752H 59752H 00000H XPB                    DATA
 59752H 59752H 00000H XP                     DATA
 59752H 59752H 00000H XPE                    DATA
 59752H 59752H 00000H XCFB                   DATA
 59752H 59752H 00000H XCF                    DATA
 59752H 59752H 00000H XCFE                   DATA
 59752H 599ADH 0025CH CONST                  CONST
 599AEH 599E7H 0003AH _CALLTAB               CALLTAB
 599E8H 599EFH 00008H HDR                    MSG
 599F0H 59BFAH 0020BH MSG                    MSG
 59BFBH 59BFCH 00002H PAD                    MSG
 59BFDH 59BFDH 00001H EPAD                   MSG
 59BFEH 61967H 07D6AH _BSS                   BSS
 61968H 61968H 00000H XOB                    BSS
 61968H 619E7H 00080H XO                     BSS
 619E8H 619E8H 00000H XOE                    BSS
 619F0H 621EFH 00800H STACK                  STACK

 Origin   Group
 5580:0   DGROUP
 0066:0   PGROUP

Program entry point at 2877:2B36
