
 Start  Stop   Length Name                   Class
 00000H 06ACAH 06ACBH REPLMAP_TEXT           CODE
 06AD0H 0FDB3H 092E4H HALOC                  CODE
 0FDC0H 15A73H 05CB4H HALOD                  CODE
 15A74H 15BE2H 0016FH SCRNMSGI_TEXT          CODE
 15BE3H 16083H 004A1H MAPCOORD_TEXT          CODE
 16084H 16B99H 00B16H KWLAND_TEXT            CODE
 16B9AH 16C88H 000EFH KWBORD_TEXT            CODE
 16C89H 17235H 005ADH KWTRAN_TEXT            CODE
 17236H 17409H 001D4H INQSET_TEXT            CODE
 1740AH 17693H 0028AH KWPLOT_TEXT            CODE
 17694H 17794H 00101H KWOPLND_TEXT           CODE
 17795H 1835AH 00BC6H GCTPSP_TEXT            CODE
 1835BH 1ADD4H 02A7AH KWLABL_TEXT            CODE
 1ADD5H 1B06CH 00298H KWNSTR_TEXT            CODE
 1B06DH 1B1DBH 0016FH GTRNZ1_TEXT            CODE
 1B1DCH 1B57DH 003A2H MILLER_TEXT            CODE
 1B57EH 1B9C0H 00443H EQRECT_TEXT            CODE
 1B9C1H 1BCE8H 00328H KWLAB_TEXT             CODE
 1BCF0H 1BD66H 00077H CODE                   CODE
 1BD70H 1BD8EH 0001FH CODE                   CODE
 1BD90H 1C154H 003C5H CODE                   CODE
 1C155H 1C196H 00042H BEEP_TEXT              CODE
 1C197H 1C36EH 001D8H GETCHAR_TEXT           CODE
 1C36FH 1E1A1H 01E33H GETFRM_TEXT            CODE
 1E1A2H 1E274H 000D3H GETFRMT_TEXT           CODE
 1E275H 1F207H 00F93H GETMNU_TEXT            CODE
 1F208H 1F41CH 00215H GETMSG_TEXT            CODE
 1F41DH 1F5BEH 001A2H GETYN_TEXT             CODE
 1F5BFH 1F654H 00096H LNG_TEXT               CODE
 1F655H 1F8C1H 0026DH OPENMSG_TEXT           CODE
 1F8C2H 1FBAAH 002E9H PARSE1_TEXT            CODE
 1FBABH 200DBH 00531H WRTMSG_TEXT            CODE
 200DCH 20239H 0015EH WRTSTR_TEXT            CODE
 2023AH 2050DH 002D4H DRWBOX_TEXT            CODE
 2050EH 20890H 00383H DSPFRM_TEXT            CODE
 20891H 2094DH 000BDH GETELEM_TEXT           CODE
 2094EH 20A32H 000E5H GETMAP_TEXT            CODE
 20A33H 20AF0H 000BEH GETSTN_TEXT            CODE
 20AF1H 21025H 00535H GETSTR_TEXT            CODE
 21026H 210BDH 00098H SCRLUP_TEXT            CODE
 210BEH 2114FH 00092H CODE                   CODE
 21150H 2194BH 007FCH DSPWIN_TEXT            CODE
 2194CH 237EBH 01EA0H WRTFNC_TEXT            CODE
 237ECH 23ADDH 002F2H CSRCNTRL_TEXT          CODE
 23ADEH 23BF9H 0011CH INSCHR_TEXT            CODE
 23BFAH 23D0EH 00115H INSSWTCH_TEXT          CODE
 23D0FH 2406EH 00360H OPENWIN_TEXT           CODE
 2406FH 2521DH 011AFH VALWIN_TEXT            CODE
 2521EH 253BAH 0019DH GETDEASE_TEXT          CODE
 253BBH 255A3H 001E9H BGNHALO_TEXT           CODE
 255A4H 2585AH 002B7H BGNPLT_TEXT            CODE
 2585BH 2592FH 000D5H BGNQCMAP_TEXT          CODE
 25930H 260D0H 007A1H DRWTXT_TEXT            CODE
 260D1H 26970H 008A0H GRAFNOTE_TEXT          CODE
 26971H 27841H 00ED1H GRAFMNU_TEXT           CODE
 27842H 28244H 00A03H GRAFWIN_TEXT           CODE
 28245H 28309H 000C5H HALOINIT_TEXT          CODE
 2830AH 284F1H 001E8H NW2W_TEXT              CODE
 284F2H 28D5EH 0086DH PIKITEM_TEXT           CODE
 28D5FH 28DAFH 00051H SETCFON_TEXT           CODE
 28DB0H 28E35H 00086H SETGPAL_TEXT           CODE
 28E36H 28EF5H 000C0H BUFSIZ_TEXT            CODE
 28EF6H 293F1H 004FCH RDLOC_TEXT             CODE
 293F2H 29C27H 00836H GRAFHELP_TEXT          CODE
 29C28H 29D26H 000FFH GETHAL_TEXT            CODE
 29D28H 32DE1H 090BAH _TEXT                  CODE
 32DF0H 3539FH 025B0H EMULATOR_TEXT          CODE
 353A0H 353DAH 0003BH MALLOCA_TEXT           CODE
 353DCH 35403H 00028H FREEA_TEXT             CODE
 35404H 35514H 00111H KWAREA_TEXT            CODE
 35515H 356EEH 001DAH KSETUP_TEXT            CODE
 356EFH 361F3H 00B05H KWSCAL_TEXT            CODE
 361F4H 363B9H 001C6H SCLSETUP_TEXT          CODE
 363C0H 363F2H 00033H CODE                   CODE
 36400H 36428H 00029H CODE                   CODE
 36430H 3644FH 00020H CODE                   CODE
 36450H 36621H 001D2H CODE                   CODE
 36630H 3665AH 0002BH CODE                   CODE
 3665CH 3665CH 00000H C_ETEXT                ENDCODE
 36660H 368E4H 00285H REPLMAP5_DATA          FAR_DATA
 368F0H 3691FH 00030H MAPCOORD5_DATA         FAR_DATA
 36920H 36924H 00005H KWLAND5_DATA           FAR_DATA
 36930H 369A1H 00072H KWLABL5_DATA           FAR_DATA
 369B0H 369CEH 0001FH KWNSTR5_DATA           FAR_DATA
 369D0H 369FFH 00030H GETFRM5_DATA           FAR_DATA
 36A00H 36A13H 00014H GETFRMT5_DATA          FAR_DATA
 36A20H 36A5EH 0003FH GETMNU5_DATA           FAR_DATA
 36A60H 36A88H 00029H GETMSG5_DATA           FAR_DATA
 36A90H 36A9AH 0000BH OPENMSG5_DATA          FAR_DATA
 36AA0H 36AC8H 00029H WRTMSG5_DATA           FAR_DATA
 36AD0H 36AF2H 00023H GETSTR5_DATA           FAR_DATA
 36B00H 36B04H 00005H DSPWIN5_DATA           FAR_DATA
 36B10H 36B14H 00005H VALWIN5_DATA           FAR_DATA
 36B20H 36B40H 00021H GRAFMNU5_DATA          FAR_DATA
 36B50H 36B6EH 0001FH PIKITEM5_DATA          FAR_DATA
 36B70H 36B7AH 0000BH GRAFHELP5_DATA         FAR_DATA
 36B80H 36CEFH 00170H EMULATOR_DATA          FAR_DATA
 36CF0H 37594H 008A5H ERRDIC5_DATA           FAR_DATA
 375A0H 3761FH 00080H XYLATLON$A             $XYLATLON
 37620H 3961FH 02000H RPLNSEG$A              $RPLNSEG
 39620H 3982FH 00210H RECPAS$A               $RECPAS
 39830H 39837H 00008H KDSTCK$A               $KDSTCK
 39840H 39843H 00004H KWCM$A                 $KWCM
 39850H 3985FH 00010H KWLIM$A                $KWLIM
 39860H 39863H 00004H IJMP$A                 $IJMP
 39870H 39873H 00004H MAP$A                  $MAP
 39880H 398E7H 00068H SAVINP$A               $SAVINP
 398F0H 3990BH 0001CH MAINPS$A               $MAINPS
 39910H 39911H 00002H KWSVLM$A               $KWSVLM
 39920H 39929H 0000AH KWMID3$A               $KWMID3
 39930H 39933H 00004H KSAVBF$A               $KSAVBF
 39940H 39943H 00004H KWSWCP$A               $KWSWCP
 39950H 39959H 0000AH KSAVCW$A               $KSAVCW
 39960H 39967H 00008H KWSCL2$A               $KWSCL2
 39970H 39983H 00014H KWSCLE1$A              $KWSCLE1
 39990H 399A3H 00014H PLOTRN$A               $PLOTRN
 399B0H 399B3H 00004H SPHRZ0$A               $SPHRZ0
 399C0H 399DFH 00020H ELLPZ0$A               $ELLPZ0
 399E0H 399E7H 00008H OUTER$A                $OUTER
 399F0H 399FDH 0000EH KWCHAR$A               $KWCHAR
 39A00H 39A03H 00004H KWSVLB$A               $KWSVLB
 39A10H 39A3BH 0002CH KWINER$A               $KWINER
 39A40H 39A43H 00004H KCTDST$A               $KCTDST
 39A50H 39A57H 00008H KWMNMX$A               $KWMNMX
 39A60H 39A6BH 0000CH KWMID2$A               $KWMID2
 39A70H 39A73H 00004H SWTCH$A                $SWTCH
 39A80H 39A8BH 0000CH MAPLAB$A               $MAPLAB
 39A90H 39B81H 000F2H SCRTC2$A               $SCRTC2
 39B90H 3BD4FH 021C0H SCRTCH$A               $SCRTCH
 3BD50H 3E86FH 02B20H LOCFRM$A               $LOCFRM
 3E870H 3FCBFH 01450H WINDOW$A               $WINDOW
 3FCC0H 3FDAFH 000F0H HALOENV$A              $HALOENV
 3FDB0H 3FDE7H 00038H PLTSPEC$A              $PLTSPEC
 3FDF0H 3FE3FH 00050H DRTXSV$A               $DRTXSV
 3FE40H 40EAAH 0106BH GRAFVAR$A              $GRAFVAR
 40EB0H 4103DH 0018EH GNOTSV$A               $GNOTSV
 41040H 41370H 00331H ARGSAV$A               $ARGSAV
 41380H 4145EH 000DFH MNUSAV$A               $MNUSAV
 41460H 4D2FFH 0BEA0H SAVBUF$A               $SAVBUF
 4D300H 4D334H 00035H PIKSAV$A               $PIKSAV
 4D340H 4D343H 00004H PASS2$A                $PASS2
 4D350H 4D391H 00042H NULL                   BEGDATA
 4D392H 505FDH 0326CH _DATA                  DATA
 50600H 5098FH 00390H DATA                   DATA
 50990H 5099DH 0000EH CDATA                  DATA
 5099EH 5099FH 00002H XIQC                   DATA
 509A0H 509ADH 0000EH DBDATA                 DATA
 509AEH 509AEH 00000H XIB                    DATA
 509AEH 509BDH 00010H XI                     DATA
 509BEH 509BEH 00000H XIE                    DATA
 509BEH 509BEH 00000H XCB                    DATA
 509BEH 509BEH 00000H XC                     DATA
 509BEH 509BEH 00000H XCE                    DATA
 509BEH 509BEH 00000H XIFB                   DATA
 509BEH 509BEH 00000H XIF                    DATA
 509BEH 509BEH 00000H XIFE                   DATA
 509BEH 509BEH 00000H XPB                    DATA
 509BEH 509BEH 00000H XP                     DATA
 509BEH 509BEH 00000H XPE                    DATA
 509BEH 509BEH 00000H XCFB                   DATA
 509BEH 509BEH 00000H XCF                    DATA
 509BEH 509BEH 00000H XCFE                   DATA
 509BEH 509C1H 00004H EXEC                   DATA
 509C2H 50C19H 00258H CONST                  CONST
 50C1AH 50C53H 0003AH _CALLTAB               CALLTAB
 50C54H 50C5BH 00008H HDR                    MSG
 50C5CH 50E66H 0020BH MSG                    MSG
 50E67H 50E68H 00002H PAD                    MSG
 50E69H 50E69H 00001H EPAD                   MSG
 50E6AH 5C373H 0B50AH _BSS                   BSS
 5C374H 5C374H 00000H XOB                    BSS
 5C374H 5C3F3H 00080H XO                     BSS
 5C3F4H 5C3F4H 00000H XOE                    BSS
 5C400H 5CBFFH 00800H STACK                  STACK

 Origin   Group
 4D35:0   DGROUP
 06AD:0   PGROUP

Program entry point at 29D2:332E
