
 Start  Stop   Length Name                   Class
 00000H 0056CH 0056DH SHOWSLID_TEXT          CODE
 00570H 0A01BH 09AACH HALOC                  CODE
 0A020H 1253FH 08520H HALOD                  CODE
 12540H 125B6H 00077H CODE                   CODE
 125C0H 125E2H 00023H CODE                   CODE
 125F0H 129B4H 003C5H CODE                   CODE
 129B5H 12B8CH 001D8H GETCHAR_TEXT           CODE
 12B8DH 12D2EH 001A2H GETYN_TEXT             CODE
 12D2FH 12DC4H 00096H LNG_TEXT               CODE
 12DC5H 13031H 0026DH OPENMSG_TEXT           CODE
 13032H 13562H 00531H WRTMSG_TEXT            CODE
 13563H 135A4H 00042H BEEP_TEXT              CODE
 135A5H 137B9H 00215H GETMSG_TEXT            CODE
 137BAH 13AA2H 002E9H PARSE1_TEXT            CODE
 13AA3H 13C00H 0015EH WRTSTR_TEXT            CODE
 13C01H 13C92H 00092H CODE                   CODE
 13C93H 13E7BH 001E9H BGNHALO_TEXT           CODE
 13E7CH 1461CH 007A1H DRWTXT_TEXT            CODE
 1461DH 14EBCH 008A0H GRAFNOTE_TEXT          CODE
 14EBDH 15968H 00AACH GRFPRNT_TEXT           CODE
 15969H 15A67H 000FFH GETHAL_TEXT            CODE
 15A68H 15D1EH 002B7H BGNPLT_TEXT            CODE
 15D1FH 16721H 00A03H GRAFWIN_TEXT           CODE
 16722H 167E6H 000C5H HALOINIT_TEXT          CODE
 167E7H 169CEH 001E8H NW2W_TEXT              CODE
 169CFH 16A1FH 00051H SETCFON_TEXT           CODE
 16A20H 16AA5H 00086H SETGPAL_TEXT           CODE
 16AA6H 16B65H 000C0H BUFSIZ_TEXT            CODE
 16B66H 1CB8FH 0602AH _TEXT                  CODE
 1CB90H 1F13FH 025B0H EMULATOR_TEXT          CODE
 1F140H 1F17AH 0003BH MALLOCA_TEXT           CODE
 1F17CH 1F1A3H 00028H FREEA_TEXT             CODE
 1F1B0H 1F1E2H 00033H CODE                   CODE
 1F1F0H 1F218H 00029H CODE                   CODE
 1F220H 1F23EH 0001FH CODE                   CODE
 1F240H 1F26AH 0002BH CODE                   CODE
 1F26CH 1F26CH 00000H C_ETEXT                ENDCODE
 1F270H 1F274H 00005H SHOWSLID5_DATA         FAR_DATA
 1F280H 1F28AH 0000BH OPENMSG5_DATA          FAR_DATA
 1F290H 1F2B8H 00029H WRTMSG5_DATA           FAR_DATA
 1F2C0H 1F2E8H 00029H GETMSG5_DATA           FAR_DATA
 1F2F0H 1F2FAH 0000BH GRFPRNT5_DATA          FAR_DATA
 1F300H 1F46FH 00170H EMULATOR_DATA          FAR_DATA
 1F470H 1FD14H 008A5H ERRDIC5_DATA           FAR_DATA
 1FD20H 1FE0FH 000F0H HALOENV$A              $HALOENV
 1FE10H 1FE5FH 00050H DRTXSV$A               $DRTXSV
 1FE60H 1FE97H 00038H PLTSPEC$A              $PLTSPEC
 1FEA0H 20F0AH 0106BH GRAFVAR$A              $GRAFVAR
 20F10H 2109DH 0018EH GNOTSV$A               $GNOTSV
 210A0H 2CF3FH 0BEA0H SAVBUF$A               $SAVBUF
 2CF40H 2CF81H 00042H NULL                   BEGDATA
 2CF82H 2E26FH 012EEH _DATA                  DATA
 2E270H 2E50FH 002A0H DATA                   DATA
 2E510H 2E51DH 0000EH CDATA                  DATA
 2E51EH 2E51FH 00002H XIQC                   DATA
 2E520H 2E52DH 0000EH DBDATA                 DATA
 2E52EH 2E52EH 00000H XIB                    DATA
 2E52EH 2E53DH 00010H XI                     DATA
 2E53EH 2E53EH 00000H XIE                    DATA
 2E53EH 2E53EH 00000H XCB                    DATA
 2E53EH 2E53EH 00000H XC                     DATA
 2E53EH 2E53EH 00000H XCE                    DATA
 2E53EH 2E53EH 00000H XIFB                   DATA
 2E53EH 2E53EH 00000H XIF                    DATA
 2E53EH 2E53EH 00000H XIFE                   DATA
 2E53EH 2E53EH 00000H XPB                    DATA
 2E53EH 2E53EH 00000H XP                     DATA
 2E53EH 2E53EH 00000H XPE                    DATA
 2E53EH 2E53EH 00000H XCFB                   DATA
 2E53EH 2E53EH 00000H XCF                    DATA
 2E53EH 2E53EH 00000H XCFE                   DATA
 2E53EH 2E5DBH 0009EH CONST                  CONST
 2E5DCH 2E615H 0003AH _CALLTAB               CALLTAB
 2E616H 2E61DH 00008H HDR                    MSG
 2E61EH 2E828H 0020BH MSG                    MSG
 2E829H 2E82AH 00002H PAD                    MSG
 2E82BH 2E82BH 00001H EPAD                   MSG
 2E82CH 2F33FH 00B14H _BSS                   BSS
 2F340H 2F340H 00000H XOB                    BSS
 2F340H 2F3BFH 00080H XO                     BSS
 2F3C0H 2F3C0H 00000H XOE                    BSS
 2F3C0H 2FBBFH 00800H STACK                  STACK

 Origin   Group
 2CF4:0   DGROUP
 0057:0   PGROUP

Program entry point at 16B6:132A

C:\FORTRAN\LIB\PLTUTIL.lib(GRFPRNT.FOR) : error L2029: 'DRAWGRF' : unresolved external

